[0;93m2026-05-11 19:37:23.248969442 [W:onnxruntime:Default, device_discovery.cc:283 GetGpuDevices] Failed to detect devices under "/sys/class/drm/card1": device_discovery.cc:93 ReadFileContents Failed to open file: "/sys/class/drm/card1/device/vendor"[m
[0;93m2026-05-11 19:37:23.249051812 [W:onnxruntime:Default, device_discovery.cc:283 GetGpuDevices] Failed to detect devices under "/sys/class/drm/card0": device_discovery.cc:93 ReadFileContents Failed to open file: "/sys/class/drm/card0/device/vendor"[m
Warning: You are sending unauthenticated requests to the HF Hub. Please set a HF_TOKEN to enable higher rate limits and faster downloads.
[0:56:05.532176657] [2990]  INFO Camera camera_manager.cpp:340 libcamera v0.7.0+rpt20260205
[0:56:05.541077278] [3001]  INFO RPI pisp.cpp:720 libpisp version 1.3.0
[0:56:05.541775180] [3001]  WARN CameraSensorProperties camera_sensor_properties.cpp:548 No static properties available for 'imx708_wide'
[0:56:05.541783477] [3001]  WARN CameraSensorProperties camera_sensor_properties.cpp:550 Please consider updating the camera sensor properties database
[0:56:05.632827577] [3001]  INFO IPAProxy ipa_proxy.cpp:180 Using tuning file /usr/share/libcamera/ipa/rpi/pisp/imx708_wide.json
[0:56:05.639633250] [3001]  WARN CameraSensor camera_sensor_legacy.cpp:502 'imx708_wide': No sensor delays found in static properties. Assuming unverified defaults.
[0:56:05.640032895] [3001]  INFO Camera camera_manager.cpp:223 Adding camera '/base/axi/pcie@1000120000/rp1/i2c@88000/imx708@1a' for pipeline handler rpi/pisp
[0:56:05.640046043] [3001]  INFO RPI pisp.cpp:1181 Registered camera /base/axi/pcie@1000120000/rp1/i2c@88000/imx708@1a to CFE device /dev/media2 and ISP device /dev/media0 using PiSP variant BCM2712_D0
[0:56:05.643073669] [2990]  INFO Camera camera.cpp:1215 configuring streams: (0) 640x480-RGB888/SMPTE170M/Rec709/None/Full (1) 1536x864-BGGR_PISP_COMP1/RAW
[0:56:05.643166817] [3001]  INFO RPI pisp.cpp:1485 Sensor: /base/axi/pcie@1000120000/rp1/i2c@88000/imx708@1a - Selected sensor format: 1536x864-SBGGR10_1X10/RAW - Selected CFE format: 1536x864-PC1B/RAW
Using cpu device
Wrapping the env with a `Monitor` wrapper
Wrapping the env in a DummyVecEnv.
{"status": "turning_left_75.0 pwm=60 left=90 right=60"}
{"status": "turning_right_-150.0 pwm=60 left=60 right=60"}
{"status": "turning_left_75.0 pwm=60 left=90 right=60"}
{"status": "turning_right_-75.0 pwm=60 left=60 right=60"}
{"status": "driving_until_front_40.0cm"}
{"chosen": "right", "reward": 2.022, "step": 1, "visual_bank": 1}
{"status": "turning_left_75.0 pwm=60 left=90 right=60"}
{"status": "turning_right_-150.0 pwm=60 left=60 right=60"}
{"status": "turning_left_75.0 pwm=60 left=90 right=60"}
{"status": "turning_left_75.0 pwm=60 left=90 right=60"}
{"status": "driving_until_front_40.0cm"}
{"status": "front_too_close_13.3cm_reversing_until_20.0cm"}
{"chosen": "left", "reward": -0.296, "step": 2, "visual_bank": 2}
{"status": "turning_left_75.0 pwm=60 left=90 right=60"}
{"status": "turning_right_-150.0 pwm=60 left=60 right=60"}
{"status": "turning_left_75.0 pwm=60 left=90 right=60"}
{"status": "turning_left_0.0 pwm=60 left=90 right=60"}
{"status": "driving_until_front_40.0cm"}
{"chosen": "center", "reward": -0.296, "step": 3, "visual_bank": 2}
{"status": "turning_left_75.0 pwm=60 left=90 right=60"}
{"status": "turning_right_-150.0 pwm=60 left=60 right=60"}
{"status": "turning_left_75.0 pwm=60 left=90 right=60"}
{"status": "turning_left_0.0 pwm=60 left=90 right=60"}
{"status": "driving_until_front_40.0cm"}
{"chosen": "center", "reward": -0.296, "step": 4, "visual_bank": 2}
{"status": "turning_left_75.0 pwm=60 left=90 right=60"}
{"status": "turning_right_-150.0 pwm=60 left=60 right=60"}
{"status": "turning_left_75.0 pwm=60 left=90 right=60"}
{"status": "turning_left_0.0 pwm=60 left=90 right=60"}
{"status": "driving_until_front_40.0cm"}
{"chosen": "center", "reward": 0.524, "step": 5, "visual_bank": 2}
{"status": "turning_left_75.0 pwm=60 left=90 right=60"}
{"status": "turning_right_-150.0 pwm=60 left=60 right=60"}
{"status": "turning_left_75.0 pwm=60 left=90 right=60"}
{"status": "turning_right_-75.0 pwm=60 left=60 right=60"}
{"status": "driving_until_front_40.0cm"}
{"chosen": "right", "reward": 2.237, "step": 6, "visual_bank": 3}
{"status": "turning_left_75.0 pwm=60 left=90 right=60"}
{"status": "turning_right_-150.0 pwm=60 left=60 right=60"}
{"status": "turning_left_75.0 pwm=60 left=90 right=60"}
{"status": "turning_right_-75.0 pwm=60 left=60 right=60"}
{"status": "driving_until_front_40.0cm"}
{"chosen": "right", "reward": 1.191, "step": 7, "visual_bank": 3}
{"status": "turning_left_75.0 pwm=60 left=90 right=60"}
{"status": "turning_right_-150.0 pwm=60 left=60 right=60"}
{"status": "turning_left_75.0 pwm=60 left=90 right=60"}
{"status": "turning_right_-75.0 pwm=60 left=60 right=60"}
{"status": "driving_until_front_40.0cm"}
{"chosen": "right", "reward": 1.102, "step": 8, "visual_bank": 3}
{"status": "turning_left_75.0 pwm=60 left=90 right=60"}
{"status": "turning_right_-150.0 pwm=60 left=60 right=60"}
{"status": "turning_left_75.0 pwm=60 left=90 right=60"}
{"status": "turning_left_75.0 pwm=60 left=90 right=60"}
{"status": "driving_until_front_40.0cm"}
{"chosen": "left", "reward": 2.424, "step": 9, "visual_bank": 4}
{"status": "turning_left_75.0 pwm=60 left=90 right=60"}
{"status": "turning_right_-150.0 pwm=60 left=60 right=60"}
{"status": "turning_left_75.0 pwm=60 left=90 right=60"}
{"status": "turning_left_75.0 pwm=60 left=90 right=60"}
{"status": "driving_until_front_40.0cm"}
{"chosen": "left", "reward": 2.203, "step": 10, "visual_bank": 5}
{"status": "turning_left_75.0 pwm=60 left=90 right=60"}
{"status": "turning_right_-150.0 pwm=60 left=60 right=60"}
{"status": "turning_left_75.0 pwm=60 left=90 right=60"}
{"status": "turning_left_75.0 pwm=60 left=90 right=60"}
{"status": "driving_until_front_40.0cm"}
{"chosen": "left", "reward": 1.065, "step": 11, "visual_bank": 5}
{"status": "turning_left_75.0 pwm=60 left=90 right=60"}
{"status": "turning_right_-150.0 pwm=60 left=60 right=60"}
{"status": "turning_left_75.0 pwm=60 left=90 right=60"}
{"status": "turning_left_75.0 pwm=60 left=90 right=60"}
{"status": "driving_until_front_40.0cm"}
{"chosen": "left", "reward": 2.073, "step": 12, "visual_bank": 6}
{"status": "turning_left_75.0 pwm=60 left=90 right=60"}
{"status": "turning_right_-150.0 pwm=60 left=60 right=60"}
{"status": "turning_left_75.0 pwm=60 left=90 right=60"}
{"status": "turning_left_0.0 pwm=60 left=90 right=60"}
{"status": "front_too_close_12.8cm_reversing_until_20.0cm"}
{"chosen": "center", "reward": -0.3, "step": 13, "visual_bank": 6}
{"status": "turning_left_75.0 pwm=60 left=90 right=60"}
{"status": "turning_right_-150.0 pwm=60 left=60 right=60"}
{"status": "turning_left_75.0 pwm=60 left=90 right=60"}
{"status": "turning_right_-75.0 pwm=60 left=60 right=60"}
{"status": "driving_until_front_40.0cm"}
{"chosen": "right", "reward": 0.663, "step": 14, "visual_bank": 6}
{"status": "turning_left_75.0 pwm=60 left=90 right=60"}
{"status": "turning_right_-150.0 pwm=60 left=60 right=60"}
{"status": "turning_left_75.0 pwm=60 left=90 right=60"}
{"status": "turning_right_-75.0 pwm=60 left=60 right=60"}
{"status": "driving_until_front_40.0cm"}
{"chosen": "right", "reward": 0.947, "step": 15, "visual_bank": 6}
{"status": "turning_left_75.0 pwm=60 left=90 right=60"}
{"status": "turning_right_-150.0 pwm=60 left=60 right=60"}
{"status": "turning_right_-150.0 pwm=100 left=100 right=100 full_boost"}
{"status": "turning_left_75.0 pwm=60 left=90 right=60"}
{"status": "turning_left_75.0 pwm=100 left=100 right=100 full_boost"}
{"status": "turning_right_-75.0 pwm=60 left=60 right=60"}
{"status": "turning_right_-75.0 pwm=100 left=100 right=100 full_boost"}
{"chosen": "right", "reward": -0.3, "step": 16, "visual_bank": 6}
{"status": "turning_left_75.0 pwm=60 left=90 right=60"}
{"status": "turning_left_75.0 pwm=100 left=100 right=100 full_boost"}
{"status": "turning_right_-150.0 pwm=60 left=60 right=60"}
{"status": "turning_right_-150.0 pwm=100 left=100 right=100 full_boost"}
{"status": "turning_left_75.0 pwm=60 left=90 right=60"}
{"status": "turning_left_75.0 pwm=100 left=100 right=100 full_boost"}
{"status": "turning_left_75.0 pwm=60 left=90 right=60"}
{"status": "turning_left_75.0 pwm=100 left=100 right=100 full_boost"}
{"chosen": "left", "reward": -0.3, "step": 17, "visual_bank": 6}
{"status": "turning_left_75.0 pwm=60 left=90 right=60"}
{"status": "turning_left_75.0 pwm=100 left=100 right=100 full_boost"}
{"status": "turning_right_-150.0 pwm=60 left=60 right=60"}
{"status": "turning_right_-150.0 pwm=100 left=100 right=100 full_boost"}
{"status": "turning_left_75.0 pwm=60 left=90 right=60"}
{"status": "turning_left_75.0 pwm=100 left=100 right=100 full_boost"}
{"status": "turning_right_-75.0 pwm=60 left=60 right=60"}
{"status": "turning_right_-75.0 pwm=100 left=100 right=100 full_boost"}
{"chosen": "right", "reward": -0.3, "step": 18, "visual_bank": 6}
{"status": "turning_left_75.0 pwm=60 left=90 right=60"}
{"status": "turning_left_75.0 pwm=100 left=100 right=100 full_boost"}
{"status": "turning_right_-150.0 pwm=60 left=60 right=60"}
{"status": "turning_right_-150.0 pwm=100 left=100 right=100 full_boost"}
{"status": "turning_left_75.0 pwm=60 left=90 right=60"}
{"status": "turning_left_75.0 pwm=100 left=100 right=100 full_boost"}
{"status": "turning_left_75.0 pwm=60 left=90 right=60"}
{"status": "turning_left_75.0 pwm=100 left=100 right=100 full_boost"}
{"chosen": "left", "reward": -0.3, "step": 19, "visual_bank": 6}
{"status": "turning_left_75.0 pwm=60 left=90 right=60"}
{"status": "turning_left_75.0 pwm=100 left=100 right=100 full_boost"}
{"status": "turning_right_-150.0 pwm=60 left=60 right=60"}
{"status": "turning_right_-150.0 pwm=100 left=100 right=100 full_boost"}
{"status": "turning_left_75.0 pwm=60 left=90 right=60"}
{"status": "turning_left_75.0 pwm=100 left=100 right=100 full_boost"}
{"status": "turning_right_-75.0 pwm=60 left=60 right=60"}
{"status": "turning_right_-75.0 pwm=100 left=100 right=100 full_boost"}
{"chosen": "right", "reward": -0.3, "step": 20, "visual_bank": 6}
{"status": "turning_left_75.0 pwm=60 left=90 right=60"}
{"status": "turning_left_75.0 pwm=100 left=100 right=100 full_boost"}
{"status": "turning_right_-150.0 pwm=60 left=60 right=60"}
{"status": "turning_right_-150.0 pwm=100 left=100 right=100 full_boost"}
{"status": "turning_left_75.0 pwm=60 left=90 right=60"}
{"status": "turning_left_75.0 pwm=100 left=100 right=100 full_boost"}
{"status": "turning_left_0.0 pwm=60 left=90 right=60"}
{"status": "driving_until_front_40.0cm"}
{"status": "contact_or_stall reversing"}
{"chosen": "center", "reward": -1.3, "step": 21, "visual_bank": 6}
{"status": "turning_left_75.0 pwm=60 left=90 right=60"}
{"status": "turning_left_75.0 pwm=100 left=100 right=100 full_boost"}
{"status": "turning_right_-150.0 pwm=60 left=60 right=60"}
{"status": "turning_right_-150.0 pwm=100 left=100 right=100 full_boost"}
{"status": "turning_left_75.0 pwm=60 left=90 right=60"}
{"status": "turning_left_75.0 pwm=100 left=100 right=100 full_boost"}
{"status": "turning_left_0.0 pwm=60 left=90 right=60"}
{"status": "driving_until_front_40.0cm"}
{"status": "contact_or_stall reversing"}
{"chosen": "center", "reward": -1.3, "step": 22, "visual_bank": 6}
{"status": "turning_left_75.0 pwm=60 left=90 right=60"}
{"status": "turning_left_75.0 pwm=100 left=100 right=100 full_boost"}
{"status": "turning_right_-150.0 pwm=60 left=60 right=60"}
{"status": "turning_right_-150.0 pwm=100 left=100 right=100 full_boost"}
{"status": "turning_left_75.0 pwm=60 left=90 right=60"}
{"status": "turning_left_75.0 pwm=100 left=100 right=100 full_boost"}
{"status": "turning_left_75.0 pwm=60 left=90 right=60"}
{"status": "turning_left_75.0 pwm=100 left=100 right=100 full_boost"}
{"chosen": "left", "reward": -0.3, "step": 23, "visual_bank": 6}
{"status": "turning_left_75.0 pwm=60 left=90 right=60"}
{"status": "turning_left_75.0 pwm=100 left=100 right=100 full_boost"}
{"status": "turning_right_-150.0 pwm=60 left=60 right=60"}
{"status": "turning_right_-150.0 pwm=100 left=100 right=100 full_boost"}
{"status": "turning_left_75.0 pwm=60 left=90 right=60"}
{"status": "turning_left_75.0 pwm=100 left=100 right=100 full_boost"}
{"status": "turning_left_0.0 pwm=60 left=90 right=60"}
{"status": "driving_until_front_40.0cm"}
{"status": "contact_or_stall reversing"}
{"chosen": "center", "reward": -1.3, "step": 24, "visual_bank": 6}
{"status": "turning_left_75.0 pwm=60 left=90 right=60"}
{"status": "turning_left_75.0 pwm=100 left=100 right=100 full_boost"}
{"status": "turning_right_-150.0 pwm=60 left=60 right=60"}
{"status": "turning_right_-150.0 pwm=100 left=100 right=100 full_boost"}
{"status": "turning_left_75.0 pwm=60 left=90 right=60"}
{"status": "turning_left_75.0 pwm=100 left=100 right=100 full_boost"}
{"status": "turning_left_75.0 pwm=60 left=90 right=60"}
{"status": "turning_left_75.0 pwm=100 left=100 right=100 full_boost"}
{"chosen": "left", "reward": -0.3, "step": 25, "visual_bank": 6}
{"status": "turning_left_75.0 pwm=60 left=90 right=60"}
{"status": "turning_left_75.0 pwm=100 left=100 right=100 full_boost"}
{"status": "turning_right_-150.0 pwm=60 left=60 right=60"}
{"status": "turning_right_-150.0 pwm=100 left=100 right=100 full_boost"}
{"status": "turning_left_75.0 pwm=60 left=90 right=60"}
{"status": "turning_left_75.0 pwm=100 left=100 right=100 full_boost"}
{"status": "turning_right_-75.0 pwm=60 left=60 right=60"}
{"status": "turning_right_-75.0 pwm=100 left=100 right=100 full_boost"}
{"chosen": "right", "reward": -0.3, "step": 26, "visual_bank": 6}
{"status": "turning_left_75.0 pwm=60 left=90 right=60"}
{"status": "turning_left_75.0 pwm=100 left=100 right=100 full_boost"}
{"status": "turning_right_-150.0 pwm=60 left=60 right=60"}
{"status": "turning_right_-150.0 pwm=100 left=100 right=100 full_boost"}
{"status": "turning_left_75.0 pwm=60 left=90 right=60"}
{"status": "turning_left_75.0 pwm=100 left=100 right=100 full_boost"}
{"status": "turning_right_-75.0 pwm=60 left=60 right=60"}
{"status": "turning_right_-75.0 pwm=100 left=100 right=100 full_boost"}
{"chosen": "right", "reward": -0.3, "step": 27, "visual_bank": 6}
{"status": "turning_left_75.0 pwm=60 left=90 right=60"}
{"status": "turning_left_75.0 pwm=100 left=100 right=100 full_boost"}
{"status": "turning_right_-150.0 pwm=60 left=60 right=60"}
{"status": "turning_right_-150.0 pwm=100 left=100 right=100 full_boost"}
{"status": "turning_left_75.0 pwm=60 left=90 right=60"}
{"status": "turning_left_75.0 pwm=100 left=100 right=100 full_boost"}
{"status": "turning_left_75.0 pwm=60 left=90 right=60"}
{"status": "turning_left_75.0 pwm=100 left=100 right=100 full_boost"}
